// Jest Snapshot v1, https://goo.gl/fbAQLP

exports[`IndexPage should render without throwing an error 1`] = `
.emotion-0 {
  display: -webkit-box;
  display: -webkit-flex;
  display: -ms-flexbox;
  display: flex;
  -webkit-align-items: center;
  -webkit-box-align: center;
  -ms-flex-align: center;
  align-items: center;
  margin: 0.625rem;
}

.emotion-0 > * {
  margin: 0 0.625rem;
  font-size: 1.25rem;
}

.emotion-0 > button {
  padding: 0.75rem 1rem;
}

.emotion-0 label input {
  margin-left: 1.25rem;
  max-width: 5rem;
  width: 100%;
  height: 100%;
  font-size: 1.25rem;
  padding: 0.375rem 0.5rem;
}

<Provider
  store={
    Object {
      "dispatch": [Function],
      "getState": [Function],
      "replaceReducer": [Function],
      "subscribe": [Function],
      Symbol(observable): [Function],
    }
  }
>
  <IndexPage
    test="test"
  >
    <main>
      <p>
        Props from _app.tsx: {"test":"test"}
      </p>
      <p>
        page process env: TEST_TEST_PAGE_PROP
      </p>
      <CountDiv>
        <div>
          <div
            className="emotion-0"
          >
            <label
              htmlFor="add1"
            >
              number1:
              <input
                id="add1"
                onChange={[Function]}
                type="number"
                value={0}
              />
            </label>
            <button
              onClick={[Function]}
              type="button"
            >
              add first number
            </button>
            <p>
              0
            </p>
          </div>
          <div
            className="emotion-0"
          >
            <label
              htmlFor="add2"
            >
              number2:
              <input
                id="add2"
                onChange={[Function]}
                type="number"
                value={0}
              />
            </label>
            <button
              onClick={[Function]}
              type="button"
            >
              add second number
            </button>
            <p>
              0
            </p>
          </div>
        </div>
      </CountDiv>
      <PrefixedLink
        href="/index/1"
      >
        <Link
          as="/index/1"
          href="/index/1"
        >
          <a
            href="/index/1"
            onClick={[Function]}
            onMouseEnter={[Function]}
          >
            index/1
          </a>
        </Link>
      </PrefixedLink>
    </main>
  </IndexPage>
</Provider>
`;
